Archive member included to satisfy reference by file (symbol)

/usr/lib/gcc/avr/5.4.0/../../../avr/lib/avr4/libm.a(cmpsf2.o)
                              /home/soliton/wh/devices/din_master/firmware/Release/commands.o (__nesf2)
/usr/lib/gcc/avr/5.4.0/../../../avr/lib/avr4/libm.a(floatsisf.o)
                              /home/soliton/wh/devices/din_master/firmware/Release/core.o (__floatunsisf)
/usr/lib/gcc/avr/5.4.0/../../../avr/lib/avr4/libm.a(fp_cmp.o)
                              /usr/lib/gcc/avr/5.4.0/../../../avr/lib/avr4/libm.a(cmpsf2.o) (__fp_cmp)
/usr/lib/gcc/avr/5.4.0/../../../avr/lib/avr4/libm.a(mulsf3.o)
                              /home/soliton/wh/devices/din_master/firmware/Release/drivers/ds18b20.o (__mulsf3)
/usr/lib/gcc/avr/5.4.0/../../../avr/lib/avr4/libm.a(mulsf3x.o)
                              /usr/lib/gcc/avr/5.4.0/../../../avr/lib/avr4/libm.a(mulsf3.o) (__mulsf3x)
/usr/lib/gcc/avr/5.4.0/../../../avr/lib/avr4/libm.a(fp_inf.o)
                              /usr/lib/gcc/avr/5.4.0/../../../avr/lib/avr4/libm.a(mulsf3x.o) (__fp_inf)
/usr/lib/gcc/avr/5.4.0/../../../avr/lib/avr4/libm.a(fp_nan.o)
                              /usr/lib/gcc/avr/5.4.0/../../../avr/lib/avr4/libm.a(mulsf3x.o) (__fp_nan)
/usr/lib/gcc/avr/5.4.0/../../../avr/lib/avr4/libm.a(fp_pscA.o)
                              /usr/lib/gcc/avr/5.4.0/../../../avr/lib/avr4/libm.a(mulsf3x.o) (__fp_pscA)
/usr/lib/gcc/avr/5.4.0/../../../avr/lib/avr4/libm.a(fp_pscB.o)
                              /usr/lib/gcc/avr/5.4.0/../../../avr/lib/avr4/libm.a(mulsf3x.o) (__fp_pscB)
/usr/lib/gcc/avr/5.4.0/../../../avr/lib/avr4/libm.a(fp_round.o)
                              /usr/lib/gcc/avr/5.4.0/../../../avr/lib/avr4/libm.a(mulsf3.o) (__fp_round)
/usr/lib/gcc/avr/5.4.0/../../../avr/lib/avr4/libm.a(fp_split3.o)
                              /usr/lib/gcc/avr/5.4.0/../../../avr/lib/avr4/libm.a(mulsf3x.o) (__fp_split3)
/usr/lib/gcc/avr/5.4.0/../../../avr/lib/avr4/libm.a(fp_zero.o)
                              /usr/lib/gcc/avr/5.4.0/../../../avr/lib/avr4/libm.a(mulsf3x.o) (__fp_szero)
/usr/lib/gcc/avr/5.4.0/avr4/libgcc.a(_exit.o)
                              /usr/lib/gcc/avr/5.4.0/../../../avr/lib/avr4/crtatmega8a.o (exit)
/usr/lib/gcc/avr/5.4.0/avr4/libgcc.a(_copy_data.o)
                              /home/soliton/wh/devices/din_master/firmware/Release/config/devs.o (__do_copy_data)
/usr/lib/gcc/avr/5.4.0/avr4/libgcc.a(_clear_bss.o)
                              /home/soliton/wh/devices/din_master/firmware/Release/config/devs.o (__do_clear_bss)

Allocating common symbols
Common symbol       size              file

variable_values     0x14              /home/soliton/wh/devices/din_master/firmware/Release/config/devs.o
controller_id       0x1               /home/soliton/wh/devices/din_master/firmware/Release/din_master.o
core_onewire_alarm_buff
                    0x50              /home/soliton/wh/devices/din_master/firmware/Release/core.o

Memory Configuration

Name             Origin             Length             Attributes
text             0x0000000000000000 0x0000000000002000 xr
data             0x0000000000800060 0x000000000000ffa0 rw !x
eeprom           0x0000000000810000 0x0000000000010000 rw !x
fuse             0x0000000000820000 0x0000000000000002 rw !x
lock             0x0000000000830000 0x0000000000000400 rw !x
signature        0x0000000000840000 0x0000000000000400 rw !x
user_signatures  0x0000000000850000 0x0000000000000400 rw !x
*default*        0x0000000000000000 0xffffffffffffffff

Linker script and memory map

LOAD /usr/lib/gcc/avr/5.4.0/../../../avr/lib/avr4/crtatmega8a.o
LOAD /home/soliton/wh/devices/din_master/firmware/Release/commands.o
LOAD /home/soliton/wh/devices/din_master/firmware/Release/config/devs.o
LOAD /home/soliton/wh/devices/din_master/firmware/Release/config/scripts.o
LOAD /home/soliton/wh/devices/din_master/firmware/Release/din_master.o
LOAD /home/soliton/wh/devices/din_master/firmware/Release/drivers/dht11.o
LOAD /home/soliton/wh/devices/din_master/firmware/Release/drivers/ds18b20.o
LOAD /home/soliton/wh/devices/din_master/firmware/Release/drivers/hs.o
LOAD /home/soliton/wh/devices/din_master/firmware/Release/drivers/mq7.o
LOAD /home/soliton/wh/devices/din_master/firmware/Release/drivers/ow4rele.o
LOAD /home/soliton/wh/devices/din_master/firmware/Release/drivers/pc.o
LOAD /home/soliton/wh/devices/din_master/firmware/Release/lcd.o
LOAD /home/soliton/wh/devices/din_master/firmware/Release/control.o
LOAD /home/soliton/wh/devices/din_master/firmware/Release/onewire.o
LOAD /home/soliton/wh/devices/din_master/firmware/Release/rs485.o
LOAD /home/soliton/wh/devices/din_master/firmware/Release/core.o
LOAD /usr/lib/gcc/avr/5.4.0/../../../avr/lib/avr4/libm.a
START GROUP
LOAD /usr/lib/gcc/avr/5.4.0/avr4/libgcc.a
LOAD /usr/lib/gcc/avr/5.4.0/../../../avr/lib/avr4/libm.a
LOAD /usr/lib/gcc/avr/5.4.0/../../../avr/lib/avr4/libc.a
LOAD /usr/lib/gcc/avr/5.4.0/../../../avr/lib/avr4/libatmega8a.a
END GROUP
                0x0000000000002000                __TEXT_REGION_LENGTH__ = DEFINED (__TEXT_REGION_LENGTH__)?__TEXT_REGION_LENGTH__:0x2000
                0x000000000000ffa0                __DATA_REGION_LENGTH__ = DEFINED (__DATA_REGION_LENGTH__)?__DATA_REGION_LENGTH__:0xffa0
                0x0000000000010000                __EEPROM_REGION_LENGTH__ = DEFINED (__EEPROM_REGION_LENGTH__)?__EEPROM_REGION_LENGTH__:0x10000
                [0x0000000000000002]                __FUSE_REGION_LENGTH__ = DEFINED (__FUSE_REGION_LENGTH__)?__FUSE_REGION_LENGTH__:0x400
                0x0000000000000400                __LOCK_REGION_LENGTH__ = DEFINED (__LOCK_REGION_LENGTH__)?__LOCK_REGION_LENGTH__:0x400
                0x0000000000000400                __SIGNATURE_REGION_LENGTH__ = DEFINED (__SIGNATURE_REGION_LENGTH__)?__SIGNATURE_REGION_LENGTH__:0x400
                0x0000000000000400                __USER_SIGNATURE_REGION_LENGTH__ = DEFINED (__USER_SIGNATURE_REGION_LENGTH__)?__USER_SIGNATURE_REGION_LENGTH__:0x400

.hash
 *(.hash)

.dynsym
 *(.dynsym)

.dynstr
 *(.dynstr)

.gnu.version
 *(.gnu.version)

.gnu.version_d
 *(.gnu.version_d)

.gnu.version_r
 *(.gnu.version_r)

.rel.init
 *(.rel.init)

.rela.init
 *(.rela.init)

.rel.text
 *(.rel.text)
 *(.rel.text.*)
 *(.rel.gnu.linkonce.t*)

.rela.text
 *(.rela.text)
 *(.rela.text.*)
 *(.rela.gnu.linkonce.t*)

.rel.fini
 *(.rel.fini)

.rela.fini
 *(.rela.fini)

.rel.rodata
 *(.rel.rodata)
 *(.rel.rodata.*)
 *(.rel.gnu.linkonce.r*)

.rela.rodata
 *(.rela.rodata)
 *(.rela.rodata.*)
 *(.rela.gnu.linkonce.r*)

.rel.data
 *(.rel.data)
 *(.rel.data.*)
 *(.rel.gnu.linkonce.d*)

.rela.data
 *(.rela.data)
 *(.rela.data.*)
 *(.rela.gnu.linkonce.d*)

.rel.ctors
 *(.rel.ctors)

.rela.ctors
 *(.rela.ctors)

.rel.dtors
 *(.rel.dtors)

.rela.dtors
 *(.rela.dtors)

.rel.got
 *(.rel.got)

.rela.got
 *(.rela.got)

.rel.bss
 *(.rel.bss)

.rela.bss
 *(.rela.bss)

.rel.plt
 *(.rel.plt)

.rela.plt
 *(.rela.plt)

.text           0x0000000000000000     0x1314
 *(.vectors)
 .vectors       0x0000000000000000       0x26 /usr/lib/gcc/avr/5.4.0/../../../avr/lib/avr4/crtatmega8a.o
                0x0000000000000000                __vectors
                0x0000000000000000                __vector_default
 *(.vectors)
 *(.progmem.gcc*)
                0x0000000000000026                . = ALIGN (0x2)
                0x0000000000000026                __trampolines_start = .
 *(.trampolines)
 .trampolines   0x0000000000000026        0x0 linker stubs
 *(.trampolines*)
                0x0000000000000026                __trampolines_end = .
 *libprintf_flt.a:*(.progmem.data)
 *libc.a:*(.progmem.data)
 *(.progmem*)
 .progmem.data  0x0000000000000026       0x28 /home/soliton/wh/devices/din_master/firmware/Release/config/devs.o
                0x0000000000000026                variables
                0x000000000000004e                onewire_roms
 .progmem.data  0x000000000000004e      0x1e0 /home/soliton/wh/devices/din_master/firmware/Release/lcd.o
                0x000000000000004e                font
                0x000000000000022e                . = ALIGN (0x2)
 *(.jumptables)
 *(.jumptables*)
 *(.lowtext)
 *(.lowtext*)
                0x000000000000022e                __ctors_start = .
 *(.ctors)
                0x000000000000022e                __ctors_end = .
                0x000000000000022e                __dtors_start = .
 *(.dtors)
                0x000000000000022e                __dtors_end = .
 SORT(*)(.ctors)
 SORT(*)(.dtors)
 *(.init0)
 .init0         0x000000000000022e        0x0 /usr/lib/gcc/avr/5.4.0/../../../avr/lib/avr4/crtatmega8a.o
                0x000000000000022e                __init
 *(.init0)
 *(.init1)
 *(.init1)
 *(.init2)
 .init2         0x000000000000022e        0xc /usr/lib/gcc/avr/5.4.0/../../../avr/lib/avr4/crtatmega8a.o
 *(.init2)
 *(.init3)
 *(.init3)
 *(.init4)
 .init4         0x000000000000023a       0x16 /usr/lib/gcc/avr/5.4.0/avr4/libgcc.a(_copy_data.o)
                0x000000000000023a                __do_copy_data
 .init4         0x0000000000000250       0x10 /usr/lib/gcc/avr/5.4.0/avr4/libgcc.a(_clear_bss.o)
                0x0000000000000250                __do_clear_bss
 *(.init4)
 *(.init5)
 *(.init5)
 *(.init6)
 *(.init6)
 *(.init7)
 *(.init7)
 *(.init8)
 *(.init8)
 *(.init9)
 .init9         0x0000000000000260        0x4 /usr/lib/gcc/avr/5.4.0/../../../avr/lib/avr4/crtatmega8a.o
 *(.init9)
 *(.text)
 .text          0x0000000000000264        0x2 /usr/lib/gcc/avr/5.4.0/../../../avr/lib/avr4/crtatmega8a.o
                0x0000000000000264                __vector_1
                0x0000000000000264                __vector_12
                0x0000000000000264                __bad_interrupt
                0x0000000000000264                __vector_6
                0x0000000000000264                __vector_3
                0x0000000000000264                __vector_11
                0x0000000000000264                __vector_13
                0x0000000000000264                __vector_17
                0x0000000000000264                __vector_7
                0x0000000000000264                __vector_5
                0x0000000000000264                __vector_4
                0x0000000000000264                __vector_9
                0x0000000000000264                __vector_2
                0x0000000000000264                __vector_15
                0x0000000000000264                __vector_8
                0x0000000000000264                __vector_14
                0x0000000000000264                __vector_10
                0x0000000000000264                __vector_16
                0x0000000000000264                __vector_18
 .text          0x0000000000000266       0x86 /home/soliton/wh/devices/din_master/firmware/Release/commands.o
                0x0000000000000266                command_get
                0x0000000000000268                command_set
                0x0000000000000284                command_toggle
                0x00000000000002b0                command_on
                0x00000000000002cc                command_off
                0x00000000000002e6                command_info
                0x00000000000002e8                command_play
                0x00000000000002ea                command_speech
 .text          0x00000000000002ec      0x134 /home/soliton/wh/devices/din_master/firmware/Release/config/devs.o
                0x00000000000002ec                devs_get_variable_index
                0x000000000000032c                devs_get_varible
                0x0000000000000352                devs_get_variable_ow_index
                0x0000000000000368                devs_get_variable_controller
                0x000000000000037e                devs_get_ow_rom
                0x00000000000003ac                devs_get_variable_rom
                0x00000000000003bc                devs_onewire_rom_index
                0x00000000000003c2                devs_find_variables_by_ow_index
 .text          0x0000000000000420       0x46 /home/soliton/wh/devices/din_master/firmware/Release/config/scripts.o
                0x0000000000000420                script_1
                0x000000000000043a                script_2
                0x0000000000000454                script_3
                0x0000000000000456                script_run_event_for_variable
 .text          0x0000000000000466        0x0 /home/soliton/wh/devices/din_master/firmware/Release/din_master.o
 .text          0x0000000000000466       0x96 /home/soliton/wh/devices/din_master/firmware/Release/drivers/dht11.o
                0x0000000000000466                dht11_get_data
 .text          0x00000000000004fc       0xd2 /home/soliton/wh/devices/din_master/firmware/Release/drivers/ds18b20.o
                0x00000000000004fc                ds18b20_start_measure
                0x000000000000051a                ds18b20_get_data
 .text          0x00000000000005ce        0x4 /home/soliton/wh/devices/din_master/firmware/Release/drivers/hs.o
                0x00000000000005ce                hs_get_data
 .text          0x00000000000005d2        0x4 /home/soliton/wh/devices/din_master/firmware/Release/drivers/mq7.o
                0x00000000000005d2                mq7_get_data
 .text          0x00000000000005d6        0x6 /home/soliton/wh/devices/din_master/firmware/Release/drivers/ow4rele.o
                0x00000000000005d6                ow4rele_get_data
                0x00000000000005da                ow4rele_set_data
 .text          0x00000000000005dc        0x4 /home/soliton/wh/devices/din_master/firmware/Release/drivers/pc.o
                0x00000000000005dc                pc_get_data
 .text          0x00000000000005e0      0x1a6 /home/soliton/wh/devices/din_master/firmware/Release/lcd.o
                0x00000000000005e0                lcd_write
                0x000000000000060a                lcd_move
                0x000000000000063a                lcd_char
                0x00000000000006a8                lcd_text
                0x00000000000006e0                lcd_hex
                0x0000000000000706                lcd_clear
                0x0000000000000722                lcd_init
                0x0000000000000772                lcd_nl
 .text          0x0000000000000786       0x86 /home/soliton/wh/devices/din_master/firmware/Release/control.o
                0x0000000000000786                control_init
                0x00000000000007a8                control_led_r
                0x00000000000007b4                control_led_g
                0x00000000000007c0                control_led_y
                0x00000000000007cc                control_led_b
                0x00000000000007d8                control_check_btn
 .text          0x000000000000080c      0x354 /home/soliton/wh/devices/din_master/firmware/Release/onewire.o
                0x0000000000000810                onewire_init
                0x0000000000000816                onewire_crc_table
                0x000000000000083a                onewire_set
                0x0000000000000842                onewire_reset
                0x0000000000000872                onewire_write_bit
                0x0000000000000896                onewire_read_bit
                0x00000000000008bc                onewire_write_byte
                0x00000000000008f6                onewire_read_byte
                0x0000000000000936                onewire_search_rom
                0x0000000000000a72                onewire_search_roms
                0x0000000000000b26                onewire_match_rom
                0x0000000000000b50                onewire_search
                0x0000000000000b58                onewire_alarms
 .text          0x0000000000000b60       0x22 /home/soliton/wh/devices/din_master/firmware/Release/rs485.o
                0x0000000000000b60                rs485_init
                0x0000000000000b70                rs485_sync
                0x0000000000000b72                rs485_send
                0x0000000000000b7a                rs485_check
 .text          0x0000000000000b82      0x532 /home/soliton/wh/devices/din_master/firmware/Release/core.o
                0x0000000000000b82                core_get_variable_index
                0x0000000000000bcc                core_get_variable_controller
                0x0000000000000bf6                core_get_variable_typ
                0x0000000000000c20                core_get_variable_direction
                0x0000000000000c4a                core_get_variable_ow_index
                0x0000000000000c7c                core_get_variable_channel
                0x0000000000000ca6                core_get_variable_rom
                0x0000000000000cdc                core_onewire_rom_index
                0x0000000000000d38                core_find_variables_by_ow_index
                0x0000000000000da6                core_get_variable_value
                0x0000000000000dd8                core_set_variable_value
                0x0000000000000e20                core_init
                0x0000000000000e24                core_rs485_processing
                0x0000000000000e26                core_onewire_alarm_processing
                0x000000000000108a                core_schedule_processing
 .text          0x00000000000010b4        0x0 /usr/lib/gcc/avr/5.4.0/../../../avr/lib/avr4/libm.a(cmpsf2.o)
 .text          0x00000000000010b4        0x0 /usr/lib/gcc/avr/5.4.0/../../../avr/lib/avr4/libm.a(floatsisf.o)
 .text          0x00000000000010b4        0x0 /usr/lib/gcc/avr/5.4.0/../../../avr/lib/avr4/libm.a(fp_cmp.o)
 .text          0x00000000000010b4        0x0 /usr/lib/gcc/avr/5.4.0/../../../avr/lib/avr4/libm.a(mulsf3.o)
 .text          0x00000000000010b4        0x0 /usr/lib/gcc/avr/5.4.0/../../../avr/lib/avr4/libm.a(mulsf3x.o)
 .text          0x00000000000010b4        0x0 /usr/lib/gcc/avr/5.4.0/../../../avr/lib/avr4/libm.a(fp_inf.o)
 .text          0x00000000000010b4        0x0 /usr/lib/gcc/avr/5.4.0/../../../avr/lib/avr4/libm.a(fp_nan.o)
 .text          0x00000000000010b4        0x0 /usr/lib/gcc/avr/5.4.0/../../../avr/lib/avr4/libm.a(fp_pscA.o)
 .text          0x00000000000010b4        0x0 /usr/lib/gcc/avr/5.4.0/../../../avr/lib/avr4/libm.a(fp_pscB.o)
 .text          0x00000000000010b4        0x0 /usr/lib/gcc/avr/5.4.0/../../../avr/lib/avr4/libm.a(fp_round.o)
 .text          0x00000000000010b4        0x0 /usr/lib/gcc/avr/5.4.0/../../../avr/lib/avr4/libm.a(fp_split3.o)
 .text          0x00000000000010b4        0x0 /usr/lib/gcc/avr/5.4.0/../../../avr/lib/avr4/libm.a(fp_zero.o)
 .text          0x00000000000010b4        0x0 /usr/lib/gcc/avr/5.4.0/avr4/libgcc.a(_exit.o)
 .text          0x00000000000010b4        0x0 /usr/lib/gcc/avr/5.4.0/avr4/libgcc.a(_copy_data.o)
 .text          0x00000000000010b4        0x0 /usr/lib/gcc/avr/5.4.0/avr4/libgcc.a(_clear_bss.o)
                0x00000000000010b4                . = ALIGN (0x2)
 *(.text.*)
 .text.startup  0x00000000000010b4       0x2a /home/soliton/wh/devices/din_master/firmware/Release/din_master.o
                0x00000000000010b4                main
 .text.avr-libc.fplib
                0x00000000000010de        0x8 /usr/lib/gcc/avr/5.4.0/../../../avr/lib/avr4/libm.a(cmpsf2.o)
                0x00000000000010de                __lesf2
                0x00000000000010de                __nesf2
                0x00000000000010de                __eqsf2
                0x00000000000010de                __cmpsf2
                0x00000000000010de                __ltsf2
 .text.avr-libc.fplib
                0x00000000000010e6       0x7a /usr/lib/gcc/avr/5.4.0/../../../avr/lib/avr4/libm.a(floatsisf.o)
                0x00000000000010e6                __floatunsisf
                0x00000000000010ea                __floatsisf
 .text.avr-libc.fplib
                0x0000000000001160       0x48 /usr/lib/gcc/avr/5.4.0/../../../avr/lib/avr4/libm.a(fp_cmp.o)
                0x0000000000001160                __fp_cmp
 .text.avr-libc.fplib
                0x00000000000011a8        0x4 /usr/lib/gcc/avr/5.4.0/../../../avr/lib/avr4/libm.a(mulsf3.o)
                0x00000000000011a8                __mulsf3
 .text.avr-libc.fplib
                0x00000000000011ac       0xc2 /usr/lib/gcc/avr/5.4.0/../../../avr/lib/avr4/libm.a(mulsf3x.o)
                0x00000000000011c0                __mulsf3x
                0x00000000000011c4                __mulsf3_pse
 .text.avr-libc.fplib
                0x000000000000126e        0xc /usr/lib/gcc/avr/5.4.0/../../../avr/lib/avr4/libm.a(fp_inf.o)
                0x000000000000126e                __fp_inf
 .text.avr-libc.fplib
                0x000000000000127a        0x6 /usr/lib/gcc/avr/5.4.0/../../../avr/lib/avr4/libm.a(fp_nan.o)
                0x000000000000127a                __fp_nan
 .text.avr-libc.fplib
                0x0000000000001280        0xe /usr/lib/gcc/avr/5.4.0/../../../avr/lib/avr4/libm.a(fp_pscA.o)
                0x0000000000001280                __fp_pscA
 .text.avr-libc.fplib
                0x000000000000128e        0xe /usr/lib/gcc/avr/5.4.0/../../../avr/lib/avr4/libm.a(fp_pscB.o)
                0x000000000000128e                __fp_pscB
 .text.avr-libc.fplib
                0x000000000000129c       0x22 /usr/lib/gcc/avr/5.4.0/../../../avr/lib/avr4/libm.a(fp_round.o)
                0x000000000000129c                __fp_round
 .text.avr-libc.fplib
                0x00000000000012be       0x44 /usr/lib/gcc/avr/5.4.0/../../../avr/lib/avr4/libm.a(fp_split3.o)
                0x00000000000012be                __fp_split3
                0x00000000000012ce                __fp_splitA
 .text.avr-libc.fplib
                0x0000000000001302        0xe /usr/lib/gcc/avr/5.4.0/../../../avr/lib/avr4/libm.a(fp_zero.o)
                0x0000000000001302                __fp_zero
                0x0000000000001304                __fp_szero
 .text.libgcc.mul
                0x0000000000001310        0x0 /usr/lib/gcc/avr/5.4.0/avr4/libgcc.a(_exit.o)
 .text.libgcc.div
                0x0000000000001310        0x0 /usr/lib/gcc/avr/5.4.0/avr4/libgcc.a(_exit.o)
 .text.libgcc   0x0000000000001310        0x0 /usr/lib/gcc/avr/5.4.0/avr4/libgcc.a(_exit.o)
 .text.libgcc.prologue
                0x0000000000001310        0x0 /usr/lib/gcc/avr/5.4.0/avr4/libgcc.a(_exit.o)
 .text.libgcc.builtins
                0x0000000000001310        0x0 /usr/lib/gcc/avr/5.4.0/avr4/libgcc.a(_exit.o)
 .text.libgcc.fmul
                0x0000000000001310        0x0 /usr/lib/gcc/avr/5.4.0/avr4/libgcc.a(_exit.o)
 .text.libgcc.fixed
                0x0000000000001310        0x0 /usr/lib/gcc/avr/5.4.0/avr4/libgcc.a(_exit.o)
 .text.libgcc.mul
                0x0000000000001310        0x0 /usr/lib/gcc/avr/5.4.0/avr4/libgcc.a(_copy_data.o)
 .text.libgcc.div
                0x0000000000001310        0x0 /usr/lib/gcc/avr/5.4.0/avr4/libgcc.a(_copy_data.o)
 .text.libgcc   0x0000000000001310        0x0 /usr/lib/gcc/avr/5.4.0/avr4/libgcc.a(_copy_data.o)
 .text.libgcc.prologue
                0x0000000000001310        0x0 /usr/lib/gcc/avr/5.4.0/avr4/libgcc.a(_copy_data.o)
 .text.libgcc.builtins
                0x0000000000001310        0x0 /usr/lib/gcc/avr/5.4.0/avr4/libgcc.a(_copy_data.o)
 .text.libgcc.fmul
                0x0000000000001310        0x0 /usr/lib/gcc/avr/5.4.0/avr4/libgcc.a(_copy_data.o)
 .text.libgcc.fixed
                0x0000000000001310        0x0 /usr/lib/gcc/avr/5.4.0/avr4/libgcc.a(_copy_data.o)
 .text.libgcc.mul
                0x0000000000001310        0x0 /usr/lib/gcc/avr/5.4.0/avr4/libgcc.a(_clear_bss.o)
 .text.libgcc.div
                0x0000000000001310        0x0 /usr/lib/gcc/avr/5.4.0/avr4/libgcc.a(_clear_bss.o)
 .text.libgcc   0x0000000000001310        0x0 /usr/lib/gcc/avr/5.4.0/avr4/libgcc.a(_clear_bss.o)
 .text.libgcc.prologue
                0x0000000000001310        0x0 /usr/lib/gcc/avr/5.4.0/avr4/libgcc.a(_clear_bss.o)
 .text.libgcc.builtins
                0x0000000000001310        0x0 /usr/lib/gcc/avr/5.4.0/avr4/libgcc.a(_clear_bss.o)
 .text.libgcc.fmul
                0x0000000000001310        0x0 /usr/lib/gcc/avr/5.4.0/avr4/libgcc.a(_clear_bss.o)
 .text.libgcc.fixed
                0x0000000000001310        0x0 /usr/lib/gcc/avr/5.4.0/avr4/libgcc.a(_clear_bss.o)
                0x0000000000001310                . = ALIGN (0x2)
 *(.fini9)
 .fini9         0x0000000000001310        0x0 /usr/lib/gcc/avr/5.4.0/avr4/libgcc.a(_exit.o)
                0x0000000000001310                exit
                0x0000000000001310                _exit
 *(.fini9)
 *(.fini8)
 *(.fini8)
 *(.fini7)
 *(.fini7)
 *(.fini6)
 *(.fini6)
 *(.fini5)
 *(.fini5)
 *(.fini4)
 *(.fini4)
 *(.fini3)
 *(.fini3)
 *(.fini2)
 *(.fini2)
 *(.fini1)
 *(.fini1)
 *(.fini0)
 .fini0         0x0000000000001310        0x4 /usr/lib/gcc/avr/5.4.0/avr4/libgcc.a(_exit.o)
 *(.fini0)
                0x0000000000001314                _etext = .

.data           0x0000000000800060        0x6 load address 0x0000000000001314
                0x0000000000800060                PROVIDE (__data_start, .)
 *(.data)
 .data          0x0000000000800060        0x0 /usr/lib/gcc/avr/5.4.0/../../../avr/lib/avr4/crtatmega8a.o
 .data          0x0000000000800060        0x0 /home/soliton/wh/devices/din_master/firmware/Release/commands.o
 .data          0x0000000000800060        0x0 /home/soliton/wh/devices/din_master/firmware/Release/config/devs.o
 .data          0x0000000000800060        0x0 /home/soliton/wh/devices/din_master/firmware/Release/config/scripts.o
 .data          0x0000000000800060        0x0 /home/soliton/wh/devices/din_master/firmware/Release/din_master.o
 .data          0x0000000000800060        0x0 /home/soliton/wh/devices/din_master/firmware/Release/drivers/dht11.o
 .data          0x0000000000800060        0x0 /home/soliton/wh/devices/din_master/firmware/Release/drivers/ds18b20.o
 .data          0x0000000000800060        0x0 /home/soliton/wh/devices/din_master/firmware/Release/drivers/hs.o
 .data          0x0000000000800060        0x0 /home/soliton/wh/devices/din_master/firmware/Release/drivers/mq7.o
 .data          0x0000000000800060        0x0 /home/soliton/wh/devices/din_master/firmware/Release/drivers/ow4rele.o
 .data          0x0000000000800060        0x0 /home/soliton/wh/devices/din_master/firmware/Release/drivers/pc.o
 .data          0x0000000000800060        0x0 /home/soliton/wh/devices/din_master/firmware/Release/lcd.o
 .data          0x0000000000800060        0x0 /home/soliton/wh/devices/din_master/firmware/Release/control.o
 .data          0x0000000000800060        0x0 /home/soliton/wh/devices/din_master/firmware/Release/onewire.o
 .data          0x0000000000800060        0x0 /home/soliton/wh/devices/din_master/firmware/Release/rs485.o
 .data          0x0000000000800060        0x1 /home/soliton/wh/devices/din_master/firmware/Release/core.o
                0x0000000000800060                schedule_measure_start
 .data          0x0000000000800061        0x0 /usr/lib/gcc/avr/5.4.0/../../../avr/lib/avr4/libm.a(cmpsf2.o)
 .data          0x0000000000800061        0x0 /usr/lib/gcc/avr/5.4.0/../../../avr/lib/avr4/libm.a(floatsisf.o)
 .data          0x0000000000800061        0x0 /usr/lib/gcc/avr/5.4.0/../../../avr/lib/avr4/libm.a(fp_cmp.o)
 .data          0x0000000000800061        0x0 /usr/lib/gcc/avr/5.4.0/../../../avr/lib/avr4/libm.a(mulsf3.o)
 .data          0x0000000000800061        0x0 /usr/lib/gcc/avr/5.4.0/../../../avr/lib/avr4/libm.a(mulsf3x.o)
 .data          0x0000000000800061        0x0 /usr/lib/gcc/avr/5.4.0/../../../avr/lib/avr4/libm.a(fp_inf.o)
 .data          0x0000000000800061        0x0 /usr/lib/gcc/avr/5.4.0/../../../avr/lib/avr4/libm.a(fp_nan.o)
 .data          0x0000000000800061        0x0 /usr/lib/gcc/avr/5.4.0/../../../avr/lib/avr4/libm.a(fp_pscA.o)
 .data          0x0000000000800061        0x0 /usr/lib/gcc/avr/5.4.0/../../../avr/lib/avr4/libm.a(fp_pscB.o)
 .data          0x0000000000800061        0x0 /usr/lib/gcc/avr/5.4.0/../../../avr/lib/avr4/libm.a(fp_round.o)
 .data          0x0000000000800061        0x0 /usr/lib/gcc/avr/5.4.0/../../../avr/lib/avr4/libm.a(fp_split3.o)
 .data          0x0000000000800061        0x0 /usr/lib/gcc/avr/5.4.0/../../../avr/lib/avr4/libm.a(fp_zero.o)
 .data          0x0000000000800061        0x0 /usr/lib/gcc/avr/5.4.0/avr4/libgcc.a(_exit.o)
 .data          0x0000000000800061        0x0 /usr/lib/gcc/avr/5.4.0/avr4/libgcc.a(_copy_data.o)
 .data          0x0000000000800061        0x0 /usr/lib/gcc/avr/5.4.0/avr4/libgcc.a(_clear_bss.o)
 *(.data*)
 *(.rodata)
 .rodata        0x0000000000800061        0x4 /home/soliton/wh/devices/din_master/firmware/Release/config/devs.o
                0x0000000000800061                variable_count
                0x0000000000800063                onewire_roms_count
 *(.rodata*)
 *(.gnu.linkonce.d*)
                0x0000000000800066                . = ALIGN (0x2)
 *fill*         0x0000000000800065        0x1 
                0x0000000000800066                _edata = .
                0x0000000000800066                PROVIDE (__data_end, .)

.bss            0x0000000000800066       0x71
                0x0000000000800066                PROVIDE (__bss_start, .)
 *(.bss)
 .bss           0x0000000000800066        0x0 /usr/lib/gcc/avr/5.4.0/../../../avr/lib/avr4/crtatmega8a.o
 .bss           0x0000000000800066        0x0 /home/soliton/wh/devices/din_master/firmware/Release/commands.o
 .bss           0x0000000000800066        0x0 /home/soliton/wh/devices/din_master/firmware/Release/config/devs.o
 .bss           0x0000000000800066        0x0 /home/soliton/wh/devices/din_master/firmware/Release/config/scripts.o
 .bss           0x0000000000800066        0x4 /home/soliton/wh/devices/din_master/firmware/Release/din_master.o
                0x0000000000800066                control_btn_states
 .bss           0x000000000080006a        0x0 /home/soliton/wh/devices/din_master/firmware/Release/drivers/dht11.o
 .bss           0x000000000080006a        0x0 /home/soliton/wh/devices/din_master/firmware/Release/drivers/ds18b20.o
 .bss           0x000000000080006a        0x0 /home/soliton/wh/devices/din_master/firmware/Release/drivers/hs.o
 .bss           0x000000000080006a        0x0 /home/soliton/wh/devices/din_master/firmware/Release/drivers/mq7.o
 .bss           0x000000000080006a        0x0 /home/soliton/wh/devices/din_master/firmware/Release/drivers/ow4rele.o
 .bss           0x000000000080006a        0x0 /home/soliton/wh/devices/din_master/firmware/Release/drivers/pc.o
 .bss           0x000000000080006a        0x2 /home/soliton/wh/devices/din_master/firmware/Release/lcd.o
                0x000000000080006a                text_y
                0x000000000080006b                text_x
 .bss           0x000000000080006c        0x0 /home/soliton/wh/devices/din_master/firmware/Release/control.o
 .bss           0x000000000080006c        0x2 /home/soliton/wh/devices/din_master/firmware/Release/onewire.o
                0x000000000080006c                error
 .bss           0x000000000080006e        0x0 /home/soliton/wh/devices/din_master/firmware/Release/rs485.o
 .bss           0x000000000080006e        0x4 /home/soliton/wh/devices/din_master/firmware/Release/core.o
                0x000000000080006e                schedule_step
                0x0000000000800070                schedule_variable_index
 .bss           0x0000000000800072        0x0 /usr/lib/gcc/avr/5.4.0/../../../avr/lib/avr4/libm.a(cmpsf2.o)
 .bss           0x0000000000800072        0x0 /usr/lib/gcc/avr/5.4.0/../../../avr/lib/avr4/libm.a(floatsisf.o)
 .bss           0x0000000000800072        0x0 /usr/lib/gcc/avr/5.4.0/../../../avr/lib/avr4/libm.a(fp_cmp.o)
 .bss           0x0000000000800072        0x0 /usr/lib/gcc/avr/5.4.0/../../../avr/lib/avr4/libm.a(mulsf3.o)
 .bss           0x0000000000800072        0x0 /usr/lib/gcc/avr/5.4.0/../../../avr/lib/avr4/libm.a(mulsf3x.o)
 .bss           0x0000000000800072        0x0 /usr/lib/gcc/avr/5.4.0/../../../avr/lib/avr4/libm.a(fp_inf.o)
 .bss           0x0000000000800072        0x0 /usr/lib/gcc/avr/5.4.0/../../../avr/lib/avr4/libm.a(fp_nan.o)
 .bss           0x0000000000800072        0x0 /usr/lib/gcc/avr/5.4.0/../../../avr/lib/avr4/libm.a(fp_pscA.o)
 .bss           0x0000000000800072        0x0 /usr/lib/gcc/avr/5.4.0/../../../avr/lib/avr4/libm.a(fp_pscB.o)
 .bss           0x0000000000800072        0x0 /usr/lib/gcc/avr/5.4.0/../../../avr/lib/avr4/libm.a(fp_round.o)
 .bss           0x0000000000800072        0x0 /usr/lib/gcc/avr/5.4.0/../../../avr/lib/avr4/libm.a(fp_split3.o)
 .bss           0x0000000000800072        0x0 /usr/lib/gcc/avr/5.4.0/../../../avr/lib/avr4/libm.a(fp_zero.o)
 .bss           0x0000000000800072        0x0 /usr/lib/gcc/avr/5.4.0/avr4/libgcc.a(_exit.o)
 .bss           0x0000000000800072        0x0 /usr/lib/gcc/avr/5.4.0/avr4/libgcc.a(_copy_data.o)
 .bss           0x0000000000800072        0x0 /usr/lib/gcc/avr/5.4.0/avr4/libgcc.a(_clear_bss.o)
 *(.bss*)
 *(COMMON)
 COMMON         0x0000000000800072       0x14 /home/soliton/wh/devices/din_master/firmware/Release/config/devs.o
                0x0000000000800072                variable_values
 COMMON         0x0000000000800086        0x1 /home/soliton/wh/devices/din_master/firmware/Release/din_master.o
                0x0000000000800086                controller_id
 COMMON         0x0000000000800087       0x50 /home/soliton/wh/devices/din_master/firmware/Release/core.o
                0x0000000000800087                core_onewire_alarm_buff
                0x00000000008000d7                PROVIDE (__bss_end, .)
                0x0000000000001314                __data_load_start = LOADADDR (.data)
                0x000000000000131a                __data_load_end = (__data_load_start + SIZEOF (.data))

.noinit         0x00000000008000d7        0x0
                [!provide]                        PROVIDE (__noinit_start, .)
 *(.noinit*)
                [!provide]                        PROVIDE (__noinit_end, .)
                0x00000000008000d7                _end = .
                [!provide]                        PROVIDE (__heap_start, .)

.eeprom         0x0000000000810000        0x0
 *(.eeprom*)
                0x0000000000810000                __eeprom_end = .

.fuse
 *(.fuse)
 *(.lfuse)
 *(.hfuse)
 *(.efuse)

.lock
 *(.lock*)

.signature
 *(.signature*)

.user_signatures
 *(.user_signatures*)

.stab
 *(.stab)

.stabstr
 *(.stabstr)

.stab.excl
 *(.stab.excl)

.stab.exclstr
 *(.stab.exclstr)

.stab.index
 *(.stab.index)

.stab.indexstr
 *(.stab.indexstr)

.comment        0x0000000000000000       0x11
 *(.comment)
 .comment       0x0000000000000000       0x11 /home/soliton/wh/devices/din_master/firmware/Release/commands.o
                                         0x12 (size before relaxing)
 .comment       0x0000000000000011       0x12 /home/soliton/wh/devices/din_master/firmware/Release/config/devs.o
 .comment       0x0000000000000011       0x12 /home/soliton/wh/devices/din_master/firmware/Release/config/scripts.o
 .comment       0x0000000000000011       0x12 /home/soliton/wh/devices/din_master/firmware/Release/din_master.o
 .comment       0x0000000000000011       0x12 /home/soliton/wh/devices/din_master/firmware/Release/drivers/dht11.o
 .comment       0x0000000000000011       0x12 /home/soliton/wh/devices/din_master/firmware/Release/drivers/ds18b20.o
 .comment       0x0000000000000011       0x12 /home/soliton/wh/devices/din_master/firmware/Release/drivers/hs.o
 .comment       0x0000000000000011       0x12 /home/soliton/wh/devices/din_master/firmware/Release/drivers/mq7.o
 .comment       0x0000000000000011       0x12 /home/soliton/wh/devices/din_master/firmware/Release/drivers/ow4rele.o
 .comment       0x0000000000000011       0x12 /home/soliton/wh/devices/din_master/firmware/Release/drivers/pc.o
 .comment       0x0000000000000011       0x12 /home/soliton/wh/devices/din_master/firmware/Release/lcd.o
 .comment       0x0000000000000011       0x12 /home/soliton/wh/devices/din_master/firmware/Release/control.o
 .comment       0x0000000000000011       0x12 /home/soliton/wh/devices/din_master/firmware/Release/onewire.o
 .comment       0x0000000000000011       0x12 /home/soliton/wh/devices/din_master/firmware/Release/rs485.o
 .comment       0x0000000000000011       0x12 /home/soliton/wh/devices/din_master/firmware/Release/core.o

.note.gnu.avr.deviceinfo
                0x0000000000000000       0x3c
 .note.gnu.avr.deviceinfo
                0x0000000000000000       0x3c /usr/lib/gcc/avr/5.4.0/../../../avr/lib/avr4/crtatmega8a.o

.note.gnu.build-id
 *(.note.gnu.build-id)

.debug
 *(.debug)

.line
 *(.line)

.debug_srcinfo
 *(.debug_srcinfo)

.debug_sfnames
 *(.debug_sfnames)

.debug_aranges
 *(.debug_aranges)

.debug_pubnames
 *(.debug_pubnames)

.debug_info     0x0000000000000000      0x48c
 *(.debug_info .gnu.linkonce.wi.*)
 .debug_info    0x0000000000000000      0x48c /usr/lib/gcc/avr/5.4.0/../../../avr/lib/avr4/crtatmega8a.o

.debug_abbrev   0x0000000000000000      0x44e
 *(.debug_abbrev)
 .debug_abbrev  0x0000000000000000      0x44e /usr/lib/gcc/avr/5.4.0/../../../avr/lib/avr4/crtatmega8a.o

.debug_line     0x0000000000000000       0x1a
 *(.debug_line .debug_line.* .debug_line_end)
 .debug_line    0x0000000000000000       0x1a /usr/lib/gcc/avr/5.4.0/../../../avr/lib/avr4/crtatmega8a.o

.debug_frame
 *(.debug_frame)

.debug_str      0x0000000000000000      0x17a
 *(.debug_str)
 .debug_str     0x0000000000000000      0x17a /usr/lib/gcc/avr/5.4.0/../../../avr/lib/avr4/crtatmega8a.o

.debug_loc
 *(.debug_loc)

.debug_macinfo
 *(.debug_macinfo)

.debug_weaknames
 *(.debug_weaknames)

.debug_funcnames
 *(.debug_funcnames)

.debug_typenames
 *(.debug_typenames)

.debug_varnames
 *(.debug_varnames)

.debug_pubtypes
 *(.debug_pubtypes)

.debug_ranges
 *(.debug_ranges)

.debug_macro
 *(.debug_macro)
OUTPUT(/home/soliton/wh/devices/din_master/firmware/Release/din_master.elf elf32-avr)
LOAD linker stubs
